---
source: src/main.rs
expression: terminal.backend()
---
"╭───────────────────────────────{{project-name}}───────────────────────────────╮"
"│                            This is a tui template.                           │"
"│                 Press `Esc`, `Ctrl-C` or `q` to stop running.                │"
"│   Press left and right to increment and decrement the counter respectively.  │"
"│                                  Counter: 0                                  │"
"│                                                                              │"
"│                                                                              │"
"│                                                                              │"
"│                                                                              │"
"│                                                                              │"
"│                                                                              │"
"│                                                                              │"
"│                                                                              │"
"│                                                                              │"
"│                                                                              │"
"│                                                                              │"
"│                                                                              │"
"│                                                                              │"
"│                                                                              │"
"╰──────────────────────────────────────────────────────────────────────────────╯"
